// Jest Snapshot v1, https://goo.gl/fbAQLP

exports[`<Button /> Button snapshot 1`] = `undefined`;
