// Jest Snapshot v1, https://goo.gl/fbAQLP

exports[`<StackedModal /> StackedModal snapshot 1`] = `undefined`;
