// Jest Snapshot v1, https://goo.gl/fbAQLP

exports[`<CloseButton /> CloseButton snapshot 1`] = `undefined`;
