// Jest Snapshot v1, https://goo.gl/fbAQLP

exports[`App snapshot 1`] = `
<div>
  <div
    class="container"
    data-testid="header"
  >
    <div
      class="header-left"
    >
      <h1>
        Welcome!!
      </h1>
      <h3>
        Use these buttons to open and close the modals.
      </h3>
    </div>
    <div
      class="header-right"
    >
      <button
        class="button primary"
        data-testid="actionButton"
        style="margin: 20px;"
      >
        Open
      </button>
      <button
        class="button secondary"
        data-testid="actionButton"
        style="margin: 20px;"
      >
        Close
      </button>
    </div>
  </div>
  <div
    class="checkbox-container"
  >
    <input
      checked=""
      class="checkbox"
      data-testid="checkbox"
      id="lifo"
      type="checkbox"
    />
    <label
      for="lifo"
    >
      Enable this option to add the margin to the modal for testing the Stacked modal LIFO functinality easily.
    </label>
  </div>
  <div
    data-testid="stackedModal"
  />
</div>
`;
